// Jest Snapshot v1, https://goo.gl/fbAQLP

exports[`TestResults module.exports should match the snapshot 1`] = `
Object {
  "TestReconciliationState": Object {
    "KnownFail": "KnownFail",
    "KnownSkip": "KnownSkip",
    "KnownSuccess": "KnownSuccess",
    "Unknown": "Unknown",
  },
  "TestResultProvider": [Function],
  "resultsWithLowerCaseWindowsDriveLetters": [Function],
}
`;
